// Jest Snapshot v1, https://goo.gl/fbAQLP

exports[`Anontools should render an anontools component when a token is specified to logout 1`] = `
<a
  aria-label="logout"
  href="/logout?return_url=myid"
  id="ddcms_login"
  onClick={[Function]}
>
  <button
    className="govuk-button govuk-!-margin-0 "
    data-module="govuk-button"
  >
    Log out
  </button>
</a>
`;
