// Jest Snapshot v1, https://goo.gl/fbAQLP

exports[`Anontools renders an anontools component when no token is specified 1`] = `
<a
  aria-label="login"
  href="/login?return_url=myid"
  onClick={[Function]}
>
  <button
    className="src__StyledButton-sc-19ocyxv-0 llIzkj"
    onClick={[Function]}
  >
    Log in
  </button>
</a>
`;

exports[`Anontools should not render an anontools component when a token is specified 1`] = `null`;
