// Jest Snapshot v1, https://goo.gl/fbAQLP

exports[`Breadcrumbs renders a breadcrumbs component 1`] = `
<div
  className="cc-breadcrumbs"
>
  <div
    className="app-width-container"
  >
    <div
      className="govuk-breadcrumbs  "
    >
      <ol
        className="govuk-breadcrumbs__list"
      >
        <li
          className="govuk-breadcrumbs__list-item"
        >
          <a
            className="govuk-breadcrumbs__link"
            href="/"
          >
            Home
          </a>
        </li>
        <li
          className="govuk-breadcrumbs__list-item"
        >
          <a
            className="govuk-breadcrumbs__link"
            href="/blog"
          >
            Blog
          </a>
        </li>
        <li
          className="govuk-breadcrumbs__list-item"
        >
          <a
            className="govuk-breadcrumbs__link"
            href="/blog/my-first-blog"
          >
            My first blog
          </a>
        </li>
      </ol>
    </div>
    <div
      className="govuk-phase-banner "
    >
      <p
        className="govuk-phase-banner__content"
      >
        <strong
          className="govuk-tag govuk-phase-banner__content__tag "
        >
          beta
        </strong>
        <span
          className="govuk-phase-banner__text"
        >
          This is a new service your
           
          <a
            href="/https://example.com"
            onClick={[Function]}
          >
            feedback
          </a>
           will help us improve it.
        </span>
      </p>
    </div>
  </div>
</div>
`;
