// Jest Snapshot v1, https://goo.gl/fbAQLP

exports[`NotFound renders a not found component 1`] = `
<div
  className="app-width-container"
>
  <main
    className="govuk-main-wrapper govuk-main-wrapper--l"
    id="main-content"
    role="main"
  >
    <div
      className="govuk-grid-row"
    >
      <div
        className="govuk-grid-column-two-thirds"
      >
        <h1
          className="govuk-heading-xl govuk-!-margin-bottom-9"
        >
          Page not found
        </h1>
        <p
          className="govuk-body"
        >
          If you typed the web address, check it is correct.
        </p>
        <p
          className="govuk-body"
        >
          You can
           
          <a
            className="govuk-link"
            href="/"
          >
            browse from the homepage
          </a>
           
          or use the search box above to find the information you need.
        </p>
        <p
          className="govuk-body"
        >
          Status code: 404
        </p>
      </div>
    </div>
  </main>
</div>
`;
