// Jest Snapshot v1, https://goo.gl/fbAQLP

exports[`Forbidden renders a not found component 1`] = `
<div
  class="app-width-container"
>
  <main
    class="govuk-main-wrapper govuk-main-wrapper--l"
    id="main-content"
    role="main"
  >
    <div
      class="govuk-grid-row"
    >
      <div
        class="govuk-grid-column-two-thirds"
      >
        <h1
          class="govuk-heading-xl govuk-!-margin-bottom-9"
        >
          Forbidden
        </h1>
        <p
          className="govuk-body"
        >
          We apologize for the inconvenience, but you don't have permissions on this resource.
        </p>
        <p
          className="govuk-body"
        >
          Thank you.
        </p>
      </div>
    </div>
  </main>
</div>
`;
